// Jest Snapshot v1, https://goo.gl/fbAQLP

exports[`<SilenceModalContent /> Editor renders SilenceSubmitController when silenceFormStore.data.currentStage is 'Submit' 1`] = `
"
<div class="modal-header py-2">
  <nav class="nav nav-pills nav-justified w-100">
    <span class="nav-item nav-link cursor-pointer mx-1 px-2 active">
      Silence submitted
    </span>
    <span class="nav-item nav-link cursor-pointer mx-1 px-2 components-tab-inactive">
      Browse
    </span>
    <button
      type="button"
      class="btn-close my-auto"
    >
    </button>
  </nav>
</div>
<div class="modal-body ">
  <div class="table-responsive">
    <table class="table table-borderless">
      <tbody>
      </tbody>
    </table>
  </div>
  <div class="d-flex flex-row-reverse">
    <button
      type="button"
      class="btn btn-primary"
    >
      <svg
        aria-hidden="true"
        focusable="false"
        data-prefix="fas"
        data-icon="arrow-left"
        class="svg-inline--fa fa-arrow-left pe-1"
        role="img"
        xmlns="http://www.w3.org/2000/svg"
        viewbox="0 0 448 512"
      >
        <path
          fill="currentColor"
          d="M9.4 233.4c-12.5 12.5-12.5 32.8 0 45.3l160 160c12.5 12.5 32.8 12.5 45.3 0s12.5-32.8 0-45.3L109.2 288 416 288c17.7 0 32-14.3 32-32s-14.3-32-32-32l-306.7 0L214.6 118.6c12.5-12.5 12.5-32.8 0-45.3s-32.8-12.5-45.3 0l-160 160z"
        >
        </path>
      </svg>
      Back
    </button>
  </div>
</div>
"
`;
