// Jest Snapshot v1, https://goo.gl/fbAQLP

exports[`<AlertManagerInput /> matches snapshot 1`] = `
"
<div class=\\"css-10nd86i\\">
  <div class=\\"css-7jxtyj\\">
    <div class=\\"css-10war8y\\">
      <div class=\\"css-1y5uxcf\\">
        <div class=\\"css-yagan3\\">
          am1
        </div>
        <div class=\\"css-n82uvk\\">
          <svg height=\\"14\\"
               width=\\"14\\"
               viewbox=\\"0 0 20 20\\"
               aria-hidden=\\"true\\"
               focusable=\\"false\\"
               class=\\"css-19bqh2r\\"
          >
            <path d=\\"M14.348 14.849c-0.469 0.469-1.229 0.469-1.697 0l-2.651-3.030-2.651 3.029c-0.469 0.469-1.229 0.469-1.697 0-0.469-0.469-0.469-1.229 0-1.697l2.758-3.15-2.759-3.152c-0.469-0.469-0.469-1.228 0-1.697s1.228-0.469 1.697 0l2.652 3.031 2.651-3.031c0.469-0.469 1.228-0.469 1.697 0s0.469 1.229 0 1.697l-2.758 3.152 2.758 3.15c0.469 0.469 0.469 1.229 0 1.698z\\">
            </path>
          </svg>
        </div>
      </div>
      <div class=\\"css-1y5uxcf\\">
        <div class=\\"css-yagan3\\">
          am2
        </div>
        <div class=\\"css-n82uvk\\">
          <svg height=\\"14\\"
               width=\\"14\\"
               viewbox=\\"0 0 20 20\\"
               aria-hidden=\\"true\\"
               focusable=\\"false\\"
               class=\\"css-19bqh2r\\"
          >
            <path d=\\"M14.348 14.849c-0.469 0.469-1.229 0.469-1.697 0l-2.651-3.030-2.651 3.029c-0.469 0.469-1.229 0.469-1.697 0-0.469-0.469-0.469-1.229 0-1.697l2.758-3.15-2.759-3.152c-0.469-0.469-0.469-1.228 0-1.697s1.228-0.469 1.697 0l2.652 3.031 2.651-3.031c0.469-0.469 1.228-0.469 1.697 0s0.469 1.229 0 1.697l-2.758 3.152 2.758 3.15c0.469 0.469 0.469 1.229 0 1.698z\\">
            </path>
          </svg>
        </div>
      </div>
      <div class=\\"css-1y5uxcf\\">
        <div class=\\"css-yagan3\\">
          am3
        </div>
        <div class=\\"css-n82uvk\\">
          <svg height=\\"14\\"
               width=\\"14\\"
               viewbox=\\"0 0 20 20\\"
               aria-hidden=\\"true\\"
               focusable=\\"false\\"
               class=\\"css-19bqh2r\\"
          >
            <path d=\\"M14.348 14.849c-0.469 0.469-1.229 0.469-1.697 0l-2.651-3.030-2.651 3.029c-0.469 0.469-1.229 0.469-1.697 0-0.469-0.469-0.469-1.229 0-1.697l2.758-3.15-2.759-3.152c-0.469-0.469-0.469-1.228 0-1.697s1.228-0.469 1.697 0l2.652 3.031 2.651-3.031c0.469-0.469 1.228-0.469 1.697 0s0.469 1.229 0 1.697l-2.758 3.152 2.758 3.15c0.469 0.469 0.469 1.229 0 1.698z\\">
            </path>
          </svg>
        </div>
      </div>
      <div class=\\"css-1g6gooi\\">
        <div class
             style=\\"display:inline-block\\"
        >
          <input type=\\"text\\"
                 autocapitalize=\\"none\\"
                 autocomplete=\\"off\\"
                 autocorrect=\\"off\\"
                 id=\\"react-select-silence-input-alertmanagers-input\\"
                 spellcheck=\\"false\\"
                 tabindex=\\"0\\"
                 value
                 aria-autocomplete=\\"list\\"
                 style=\\"box-sizing:content-box;width:1px;background:0;border:0;font-size:inherit;opacity:1;outline:0;padding:0;color:inherit\\"
          >
          <div style=\\"position:absolute;top:0;left:0;visibility:hidden;height:0;overflow:scroll;white-space:pre\\">
          </div>
        </div>
      </div>
    </div>
    <div class=\\"css-mik995\\">
      <div aria-hidden=\\"true\\"
           class=\\"css-1ep9fjw\\"
      >
        <svg height=\\"20\\"
             width=\\"20\\"
             viewbox=\\"0 0 20 20\\"
             aria-hidden=\\"true\\"
             focusable=\\"false\\"
             class=\\"css-19bqh2r\\"
        >
          <path d=\\"M14.348 14.849c-0.469 0.469-1.229 0.469-1.697 0l-2.651-3.030-2.651 3.029c-0.469 0.469-1.229 0.469-1.697 0-0.469-0.469-0.469-1.229 0-1.697l2.758-3.15-2.759-3.152c-0.469-0.469-0.469-1.228 0-1.697s1.228-0.469 1.697 0l2.652 3.031 2.651-3.031c0.469-0.469 1.228-0.469 1.697 0s0.469 1.229 0 1.697l-2.758 3.152 2.758 3.15c0.469 0.469 0.469 1.229 0 1.698z\\">
          </path>
        </svg>
      </div>
      <span class=\\"css-d8oujb\\">
      </span>
      <div aria-hidden=\\"true\\"
           class=\\"css-1ep9fjw\\"
      >
        <svg height=\\"20\\"
             width=\\"20\\"
             viewbox=\\"0 0 20 20\\"
             aria-hidden=\\"true\\"
             focusable=\\"false\\"
             class=\\"css-19bqh2r\\"
        >
          <path d=\\"M4.516 7.548c0.436-0.446 1.043-0.481 1.576 0l3.908 3.747 3.908-3.747c0.533-0.481 1.141-0.446 1.574 0 0.436 0.445 0.408 1.197 0 1.615-0.406 0.418-4.695 4.502-4.695 4.502-0.217 0.223-0.502 0.335-0.787 0.335s-0.57-0.112-0.789-0.335c0 0-4.287-4.084-4.695-4.502s-0.436-1.17 0-1.615z\\">
          </path>
        </svg>
      </div>
    </div>
  </div>
</div>
"
`;
