// Jest Snapshot v1, https://goo.gl/fbAQLP

exports[`<AlertGroupConfiguration /> matches snapshot with default values 1`] = `
"
<div class=\\"form-group mb-0 text-center\\">
  <div aria-disabled=\\"false\\"
       class=\\"input-range\\"
  >
    <span class=\\"input-range__label input-range__label--min\\">
      <span class=\\"input-range__label-container\\">
        1
      </span>
    </span>
    <div class=\\"input-range__track input-range__track--background\\">
      <div style=\\"left: 0%; width: 44.44444444444444%;\\"
           class=\\"input-range__track input-range__track--active\\"
      >
      </div>
      <span class=\\"input-range__slider-container\\"
            style=\\"position: absolute; left: 44.44444444444444%;\\"
      >
        <span class=\\"input-range__label input-range__label--value\\">
          <span class=\\"input-range__label-container\\">
            5
          </span>
        </span>
        <div aria-valuemax=\\"10\\"
             aria-valuemin=\\"1\\"
             aria-valuenow=\\"5\\"
             class=\\"input-range__slider\\"
             draggable=\\"false\\"
             role=\\"slider\\"
             tabindex=\\"0\\"
        >
        </div>
      </span>
    </div>
    <span class=\\"input-range__label input-range__label--max\\">
      <span class=\\"input-range__label-container\\">
        10
      </span>
    </span>
  </div>
</div>
"
`;
