// Jest Snapshot v1, https://goo.gl/fbAQLP

exports[`<NoUpstream /> matches snapshot 1`] = `
"
<h1 class="display-1 text-placeholder screen-center">
  No alertmanager server configured
</h1>
"
`;
