// Jest Snapshot v1, https://goo.gl/fbAQLP

exports[`<Accordion /> matches snapshot 1`] = `
"
<div class=\\"accordion\\">
  <div class=\\"accordion-item\\">
    <h2 class=\\"accordion-header\\">
      <button class=\\"accordion-button collapsed\\"
              type=\\"button\\"
      >
        title 1
      </button>
    </h2>
    <div class=\\"accordion-collapse \\">
    </div>
  </div>
  <div class=\\"accordion-item\\">
    <h2 class=\\"accordion-header\\">
      <button class=\\"accordion-button \\"
              type=\\"button\\"
      >
        title 2
      </button>
    </h2>
    <div class=\\"accordion-collapse show\\">
      <div class=\\"accordion-body\\">
        item 2
      </div>
    </div>
  </div>
  <div class=\\"accordion-item\\">
    <h2 class=\\"accordion-header\\">
      <button class=\\"accordion-button collapsed\\"
              type=\\"button\\"
      >
        title 1
      </button>
    </h2>
    <div class=\\"accordion-collapse \\">
    </div>
  </div>
</div>
"
`;
