// Jest Snapshot v1, https://goo.gl/fbAQLP

exports[`<FilteringLabel /> matches snapshot 1`] = `
"
<div class=\\" tooltip-trigger\\">
  <span class=\\"components-label badge bg-default components-label-dark components-label-with-hover\\">
    <span class=\\"components-label-name\\">
      foo:
    </span>
    <span class=\\"components-label-value\\">
      bar
    </span>
  </span>
</div>
"
`;
