// Jest Snapshot v1, https://goo.gl/fbAQLP

exports[`<FilterInput /> matches snapshot on default render 1`] = `
"
<div class=\\"input-group w-100 mr-2 components-filterinput-outer bg-transparent\\">
  <div class=\\"input-group-prepend\\">
    <span class=\\"input-group-text px-2 border-0 rounded-0 bg-transparent components-navbar-icon\\">
      <svg aria-hidden=\\"true\\"
           focusable=\\"false\\"
           data-prefix=\\"fas\\"
           data-icon=\\"search\\"
           class=\\"svg-inline--fa fa-search fa-w-16 \\"
           role=\\"img\\"
           xmlns=\\"http://www.w3.org/2000/svg\\"
           viewbox=\\"0 0 512 512\\"
      >
        <path fill=\\"currentColor\\"
              d=\\"M505 442.7L405.3 343c-4.5-4.5-10.6-7-17-7H372c27.6-35.3 44-79.7 44-128C416 93.1 322.9 0 208 0S0 93.1 0 208s93.1 208 208 208c48.3 0 92.7-16.4 128-44v16.3c0 6.4 2.5 12.5 7 17l99.7 99.7c9.4 9.4 24.6 9.4 33.9 0l28.3-28.3c9.4-9.4 9.4-24.6.1-34zM208 336c-70.7 0-128-57.2-128-128 0-70.7 57.2-128 128-128 70.7 0 128 57.2 128 128 0 70.7-57.2 128-128 128z\\"
        >
        </path>
      </svg>
    </span>
  </div>
  <div class=\\"form-control components-filterinput border-0 rounded-0 bg-transparent\\">
    <div role=\\"combobox\\"
         aria-haspopup=\\"listbox\\"
         aria-owns=\\"react-autowhatever-1\\"
         aria-expanded=\\"false\\"
         class=\\"autosuggest d-inline-block mw-100\\"
    >
      <input type=\\"text\\"
             class=\\"components-filterinput-wrapper text-white mw-100\\"
             placeholder
             size=\\"1\\"
             value
             autocomplete=\\"off\\"
             aria-autocomplete=\\"list\\"
             aria-controls=\\"react-autowhatever-1\\"
      >
      <div id=\\"react-autowhatever-1\\"
           role=\\"listbox\\"
           class=\\"dropdown\\"
      >
      </div>
    </div>
  </div>
  <div class=\\"input-group-append bg-transparent\\">
    <span class=\\"input-group-text border-0 rounded-0 bg-transparent px-0\\">
      <button class=\\"btn border-0 rounded-0 bg-transparent cursor-pointer components-navbar-history px-2 py-0 components-navbar-icon\\"
              type=\\"button\\"
              data-toggle=\\"dropdown\\"
              aria-haspopup=\\"true\\"
              aria-expanded=\\"true\\"
      >
        <svg aria-hidden=\\"true\\"
             focusable=\\"false\\"
             data-prefix=\\"fas\\"
             data-icon=\\"caret-down\\"
             class=\\"svg-inline--fa fa-caret-down fa-w-10 \\"
             role=\\"img\\"
             xmlns=\\"http://www.w3.org/2000/svg\\"
             viewbox=\\"0 0 320 512\\"
        >
          <path fill=\\"currentColor\\"
                d=\\"M31.3 192h257.3c17.8 0 26.7 21.5 14.1 34.1L174.1 354.8c-7.8 7.8-20.5 7.8-28.3 0L17.2 226.1C4.6 213.5 13.5 192 31.3 192z\\"
          >
          </path>
        </svg>
      </button>
    </span>
  </div>
</div>
"
`;
