// Jest Snapshot v1, https://goo.gl/fbAQLP

exports[`<CenteredMessage /> matches snapshot 1`] = `
"
<h1 class=\\"display-1 text-placeholder screen-center\\">
  <div>
    Foo
  </div>
</h1>
"
`;
