// Jest Snapshot v1, https://goo.gl/fbAQLP

exports[`<UpgradeNeeded /> matches snapshot 1`] = `
"
<h1 class=\\"display-1 text-placeholder screen-center\\">
  <div class=\\"container-fluid text-center\\">
    <div class=\\"shake-slow shake-constant mb-4\\">
      <svg
        aria-hidden=\\"true\\"
        focusable=\\"false\\"
        data-prefix=\\"fas\\"
        data-icon=\\"rocket\\"
        class=\\"svg-inline--fa fa-rocket screen-center-icon-big text-success\\"
        role=\\"img\\"
        xmlns=\\"http://www.w3.org/2000/svg\\"
        viewbox=\\"0 0 512 512\\"
      >
        <path
          fill=\\"currentColor\\"
          d=\\"M156.6 384.9L125.7 354c-8.5-8.5-11.5-20.8-7.7-32.2c3-8.9 7-20.5 11.8-33.8L24 288c-8.6 0-16.6-4.6-20.9-12.1s-4.2-16.7 .2-24.1l52.5-88.5c13-21.9 36.5-35.3 61.9-35.3l82.3 0c2.4-4 4.8-7.7 7.2-11.3C289.1-4.1 411.1-8.1 483.9 5.3c11.6 2.1 20.6 11.2 22.8 22.8c13.4 72.9 9.3 194.8-111.4 276.7c-3.5 2.4-7.3 4.8-11.3 7.2v82.3c0 25.4-13.4 49-35.3 61.9l-88.5 52.5c-7.4 4.4-16.6 4.5-24.1 .2s-12.1-12.2-12.1-20.9V380.8c-14.1 4.9-26.4 8.9-35.7 11.9c-11.2 3.6-23.4 .5-31.8-7.8zM384 168c22.1 0 40-17.9 40-40s-17.9-40-40-40s-40 17.9-40 40s17.9 40 40 40z\\"
        >
        </path>
      </svg>
    </div>
    <p class=\\"lead text-muted\\">
      <svg
        aria-hidden=\\"true\\"
        focusable=\\"false\\"
        data-prefix=\\"fas\\"
        data-icon=\\"spinner\\"
        class=\\"svg-inline--fa fa-spinner fa-spin me-2\\"
        role=\\"img\\"
        xmlns=\\"http://www.w3.org/2000/svg\\"
        viewbox=\\"0 0 512 512\\"
      >
        <path
          fill=\\"currentColor\\"
          d=\\"M304 48c0-26.5-21.5-48-48-48s-48 21.5-48 48s21.5 48 48 48s48-21.5 48-48zm0 416c0-26.5-21.5-48-48-48s-48 21.5-48 48s21.5 48 48 48s48-21.5 48-48zM48 304c26.5 0 48-21.5 48-48s-21.5-48-48-48s-48 21.5-48 48s21.5 48 48 48zm464-48c0-26.5-21.5-48-48-48s-48 21.5-48 48s21.5 48 48 48s48-21.5 48-48zM142.9 437c18.7-18.7 18.7-49.1 0-67.9s-49.1-18.7-67.9 0s-18.7 49.1 0 67.9s49.1 18.7 67.9 0zm0-294.2c18.7-18.7 18.7-49.1 0-67.9S93.7 56.2 75 75s-18.7 49.1 0 67.9s49.1 18.7 67.9 0zM369.1 437c18.7 18.7 49.1 18.7 67.9 0s18.7-49.1 0-67.9s-49.1-18.7-67.9 0s-18.7 49.1 0 67.9z\\"
        >
        </path>
      </svg>
      Upgrading to a new version: 1.2.3
    </p>
  </div>
</h1>
"
`;
