// Jest Snapshot v1, https://goo.gl/fbAQLP

exports[`<LabelValueInput /> matches snapshot 1`] = `
"
<div class=\\"css-10nd86i\\">
  <div class=\\"css-7jxtyj\\">
    <div class=\\"css-10war8y\\">
      <div title=\\"Number of alerts matching this label\\"
           class
           style=\\"display:inline\\"
      >
        <span class=\\"badge badge-light badge-pill\\"
              style=\\"font-size:85%\\"
              data-hash=\\"76ea01a7b7d0189a690ed2b409ad07a87dbd039c\\"
        >
          0
        </span>
      </div>
      <div>
        <div class=\\"css-1492t68\\">
          Label value
        </div>
      </div>
      <div class=\\"css-1g6gooi\\">
        <div class
             style=\\"display:inline-block\\"
        >
          <input type=\\"text\\"
                 autocapitalize=\\"none\\"
                 autocomplete=\\"off\\"
                 autocorrect=\\"off\\"
                 id=\\"react-select-silence-input-label-value-1-input\\"
                 spellcheck=\\"false\\"
                 tabindex=\\"0\\"
                 value
                 aria-autocomplete=\\"list\\"
                 style=\\"box-sizing:content-box;width:1px;background:0;border:0;font-size:inherit;opacity:1;outline:0;padding:0;color:inherit\\"
          >
          <div style=\\"position:absolute;top:0;left:0;visibility:hidden;height:0;overflow:scroll;white-space:pre\\">
          </div>
        </div>
      </div>
    </div>
    <div class=\\"css-mik995\\">
      <span class=\\"css-d8oujb\\">
      </span>
      <div aria-hidden=\\"true\\"
           class=\\"css-1ep9fjw\\"
      >
        <svg height=\\"20\\"
             width=\\"20\\"
             viewbox=\\"0 0 20 20\\"
             aria-hidden=\\"true\\"
             focusable=\\"false\\"
             class=\\"css-19bqh2r\\"
        >
          <path d=\\"M4.516 7.548c0.436-0.446 1.043-0.481 1.576 0l3.908 3.747 3.908-3.747c0.533-0.481 1.141-0.446 1.574 0 0.436 0.445 0.408 1.197 0 1.615-0.406 0.418-4.695 4.502-4.695 4.502-0.217 0.223-0.502 0.335-0.787 0.335s-0.57-0.112-0.789-0.335c0 0-4.287-4.084-4.695-4.502s-0.436-1.17 0-1.615z\\">
          </path>
        </svg>
      </div>
    </div>
  </div>
</div>
"
`;
