// Jest Snapshot v1, https://goo.gl/fbAQLP

exports[`<StaticLabel /> matches snapshot 1`] = `
"
<span class=\\"components-label badge badge-default components-label-dark \\">
  <span class=\\"components-label-name\\">
    foo:
  </span>
  <span class=\\"components-label-value\\">
    bar
  </span>
</span>
"
`;
