// Jest Snapshot v1, https://goo.gl/fbAQLP

exports[`<MainModalContent /> matches snapshot 1`] = `
"
<span>
  <div class=\\"modal-header py-2\\">
    <nav class=\\"nav nav-pills nav-justified w-100\\">
      <span class=\\"nav-item nav-link cursor-pointer active\\">
        Configuration
      </span>
      <span class=\\"nav-item nav-link cursor-pointer text-primary\\">
        Help
      </span>
      <button type=\\"button\\"
              class=\\"close\\"
      >
        <span>
          Ã—
        </span>
      </button>
    </nav>
  </div>
  <div class=\\"modal-body\\">
    <form class=\\"px-3\\">
      <div class=\\"form-group text-center\\">
        <label class=\\"mb-4 font-weight-bold\\">
          Refresh interval
        </label>
        <div aria-disabled=\\"false\\"
             class=\\"input-range\\"
        >
          <span class=\\"input-range__label input-range__label--min\\">
            <span class=\\"input-range__label-container\\">
              10s
            </span>
          </span>
          <div class=\\"input-range__track input-range__track--background\\">
            <div style=\\"left: 0%; width: 18.181818181818183%;\\"
                 class=\\"input-range__track input-range__track--active\\"
            >
            </div>
            <span class=\\"input-range__slider-container\\"
                  style=\\"position: absolute; left: 18.181818181818183%;\\"
            >
              <span class=\\"input-range__label input-range__label--value\\">
                <span class=\\"input-range__label-container\\">
                  30s
                </span>
              </span>
              <div aria-valuemax=\\"120\\"
                   aria-valuemin=\\"10\\"
                   aria-valuenow=\\"30\\"
                   class=\\"input-range__slider\\"
                   draggable=\\"false\\"
                   role=\\"slider\\"
                   tabindex=\\"0\\"
              >
              </div>
            </span>
          </div>
          <span class=\\"input-range__label input-range__label--max\\">
            <span class=\\"input-range__label-container\\">
              120s
            </span>
          </span>
        </div>
      </div>
      <div class=\\"mt-5\\">
      </div>
      <div class=\\"form-group\\">
        <div class=\\"text-center\\">
          <label class=\\"mb-2 font-weight-bold\\">
            Filter bar configuration
          </label>
        </div>
        <div class=\\"form-check form-check-inline\\">
          <span class=\\"custom-control custom-switch\\">
            <input id=\\"configuration-autohide\\"
                   class=\\"custom-control-input\\"
                   type=\\"checkbox\\"
                   value
                   checked
            >
            <label class=\\"custom-control-label cursor-pointer mr-3\\"
                   for=\\"configuration-autohide\\"
            >
              Hide filter bar when idle
            </label>
          </span>
        </div>
      </div>
      <div class=\\"mt-5\\">
      </div>
      <div class=\\"form-group\\">
        <div class=\\"text-center\\">
          <label class=\\"mb-2 font-weight-bold\\">
            Alert group titlebar configuration
          </label>
        </div>
        <div class=\\"form-check form-check-inline\\">
          <span class=\\"custom-control custom-switch\\">
            <input id=\\"configuration-colortitlebar\\"
                   class=\\"custom-control-input\\"
                   type=\\"checkbox\\"
                   value
            >
            <label class=\\"custom-control-label cursor-pointer mr-3\\"
                   for=\\"configuration-colortitlebar\\"
            >
              Color group titlebar
            </label>
          </span>
        </div>
      </div>
      <div class=\\"mt-5\\">
      </div>
      <div class=\\"form-group text-center\\">
        <label class=\\"mb-4 font-weight-bold\\">
          Minimal alert group width
        </label>
        <div aria-disabled=\\"false\\"
             class=\\"input-range\\"
        >
          <span class=\\"input-range__label input-range__label--min\\">
            <span class=\\"input-range__label-container\\">
              300
            </span>
          </span>
          <div class=\\"input-range__track input-range__track--background\\">
            <div style=\\"left: 0%; width: 24%;\\"
                 class=\\"input-range__track input-range__track--active\\"
            >
            </div>
            <span class=\\"input-range__slider-container\\"
                  style=\\"position: absolute; left: 24%;\\"
            >
              <span class=\\"input-range__label input-range__label--value\\">
                <span class=\\"input-range__label-container\\">
                  420
                </span>
              </span>
              <div aria-valuemax=\\"800\\"
                   aria-valuemin=\\"300\\"
                   aria-valuenow=\\"420\\"
                   class=\\"input-range__slider\\"
                   draggable=\\"false\\"
                   role=\\"slider\\"
                   tabindex=\\"0\\"
              >
              </div>
            </span>
          </div>
          <span class=\\"input-range__label input-range__label--max\\">
            <span class=\\"input-range__label-container\\">
              800
            </span>
          </span>
        </div>
      </div>
      <div class=\\"mt-5\\">
      </div>
      <div class=\\"form-group text-center\\">
        <label class=\\"mb-4 font-weight-bold\\">
          Default number of alerts to show per group
        </label>
        <div aria-disabled=\\"false\\"
             class=\\"input-range\\"
        >
          <span class=\\"input-range__label input-range__label--min\\">
            <span class=\\"input-range__label-container\\">
              1
            </span>
          </span>
          <div class=\\"input-range__track input-range__track--background\\">
            <div style=\\"left: 0%; width: 44.44444444444444%;\\"
                 class=\\"input-range__track input-range__track--active\\"
            >
            </div>
            <span class=\\"input-range__slider-container\\"
                  style=\\"position: absolute; left: 44.44444444444444%;\\"
            >
              <span class=\\"input-range__label input-range__label--value\\">
                <span class=\\"input-range__label-container\\">
                  5
                </span>
              </span>
              <div aria-valuemax=\\"10\\"
                   aria-valuemin=\\"1\\"
                   aria-valuenow=\\"5\\"
                   class=\\"input-range__slider\\"
                   draggable=\\"false\\"
                   role=\\"slider\\"
                   tabindex=\\"0\\"
              >
              </div>
            </span>
          </div>
          <span class=\\"input-range__label input-range__label--max\\">
            <span class=\\"input-range__label-container\\">
              10
            </span>
          </span>
        </div>
      </div>
      <div class=\\"mt-5\\">
      </div>
      <div class=\\"form-group\\">
        <div class=\\"text-center\\">
          <label class=\\"mb-4 font-weight-bold\\">
            Default alert group display
          </label>
        </div>
        <div class=\\" css-2b097c-container\\">
          <div class=\\"react-select__control css-au8pbo-control\\">
            <div class=\\"react-select__value-container react-select__value-container--has-value css-pb81dw\\">
              <div class=\\"react-select__single-value css-1uccc91-singleValue\\">
                Collapse on mobile
              </div>
              <div class=\\"css-1g6gooi\\">
                <div class=\\"react-select__input\\"
                     style=\\"display: inline-block;\\"
                >
                  <input autocapitalize=\\"none\\"
                         autocomplete=\\"off\\"
                         autocorrect=\\"off\\"
                         id=\\"react-select-configuration-collapse-input\\"
                         spellcheck=\\"false\\"
                         tabindex=\\"0\\"
                         type=\\"text\\"
                         aria-autocomplete=\\"list\\"
                         style=\\"box-sizing: content-box; width: 2px; border: 0px; font-size: inherit; opacity: 1; outline: 0; padding: 0px;\\"
                         value
                  >
                  <div style=\\"position: absolute; top: 0px; left: 0px; visibility: hidden; height: 0px; overflow: scroll; white-space: pre; font-size: inherit; font-family: -webkit-small-control; letter-spacing: normal; text-transform: none;\\">
                  </div>
                </div>
              </div>
            </div>
            <div class=\\"react-select__indicators css-mik995\\">
              <span class=\\"react-select__indicator-separator css-1okebmr-indicatorSeparator\\">
              </span>
              <div aria-hidden=\\"true\\"
                   class=\\"react-select__indicator react-select__dropdown-indicator css-tlfecz-indicatorContainer\\"
              >
                <svg height=\\"20\\"
                     width=\\"20\\"
                     viewbox=\\"0 0 20 20\\"
                     aria-hidden=\\"true\\"
                     focusable=\\"false\\"
                     class=\\"css-19bqh2r\\"
                >
                  <path d=\\"M4.516 7.548c0.436-0.446 1.043-0.481 1.576 0l3.908 3.747 3.908-3.747c0.533-0.481 1.141-0.446 1.574 0 0.436 0.445 0.408 1.197 0 1.615-0.406 0.418-4.695 4.502-4.695 4.502-0.217 0.223-0.502 0.335-0.787 0.335s-0.57-0.112-0.789-0.335c0 0-4.287-4.084-4.695-4.502s-0.436-1.17 0-1.615z\\">
                  </path>
                </svg>
              </div>
            </div>
          </div>
        </div>
      </div>
      <div class=\\"mt-5\\">
      </div>
      <div class=\\"form-group\\">
        <div class=\\"text-center\\">
          <label class=\\"mb-2 font-weight-bold\\">
            Grid sort order
          </label>
        </div>
        <div class=\\"d-flex flex-fill flex-lg-row flex-column justify-content-between\\">
          <div class=\\"flex-shrink-0 flex-grow-1 flex-basis-auto\\">
            <div class=\\" css-2b097c-container\\">
              <div class=\\"react-select__control css-au8pbo-control\\">
                <div class=\\"react-select__value-container react-select__value-container--has-value css-pb81dw\\">
                  <div class=\\"react-select__single-value css-1uccc91-singleValue\\">
                    Use defaults from karma config file
                  </div>
                  <div class=\\"css-1g6gooi\\">
                    <div class=\\"react-select__input\\"
                         style=\\"display: inline-block;\\"
                    >
                      <input autocapitalize=\\"none\\"
                             autocomplete=\\"off\\"
                             autocorrect=\\"off\\"
                             id=\\"react-select-configuration-sort-order-input\\"
                             spellcheck=\\"false\\"
                             tabindex=\\"0\\"
                             type=\\"text\\"
                             aria-autocomplete=\\"list\\"
                             style=\\"box-sizing: content-box; width: 2px; border: 0px; font-size: inherit; opacity: 1; outline: 0; padding: 0px;\\"
                             value
                      >
                      <div style=\\"position: absolute; top: 0px; left: 0px; visibility: hidden; height: 0px; overflow: scroll; white-space: pre; font-size: inherit; font-family: -webkit-small-control; letter-spacing: normal; text-transform: none;\\">
                      </div>
                    </div>
                  </div>
                </div>
                <div class=\\"react-select__indicators css-mik995\\">
                  <span class=\\"react-select__indicator-separator css-1okebmr-indicatorSeparator\\">
                  </span>
                  <div aria-hidden=\\"true\\"
                       class=\\"react-select__indicator react-select__dropdown-indicator css-tlfecz-indicatorContainer\\"
                  >
                    <svg height=\\"20\\"
                         width=\\"20\\"
                         viewbox=\\"0 0 20 20\\"
                         aria-hidden=\\"true\\"
                         focusable=\\"false\\"
                         class=\\"css-19bqh2r\\"
                    >
                      <path d=\\"M4.516 7.548c0.436-0.446 1.043-0.481 1.576 0l3.908 3.747 3.908-3.747c0.533-0.481 1.141-0.446 1.574 0 0.436 0.445 0.408 1.197 0 1.615-0.406 0.418-4.695 4.502-4.695 4.502-0.217 0.223-0.502 0.335-0.787 0.335s-0.57-0.112-0.789-0.335c0 0-4.287-4.084-4.695-4.502s-0.436-1.17 0-1.615z\\">
                      </path>
                    </svg>
                  </div>
                </div>
              </div>
            </div>
          </div>
        </div>
      </div>
      <div class=\\"mt-5\\">
      </div>
      <div class=\\"form-group\\">
        <div class=\\"text-center\\">
          <label class=\\"mb-4 font-weight-bold\\">
            Top labels threshold
          </label>
        </div>
        <div class=\\"mb-4\\">
          <div aria-disabled=\\"false\\"
               class=\\"input-range\\"
          >
            <span class=\\"input-range__label input-range__label--min\\">
              <span class=\\"input-range__label-container\\">
                0%
              </span>
            </span>
            <div class=\\"input-range__track input-range__track--background\\">
              <div style=\\"left: 0%; width: 33.33333333333333%;\\"
                   class=\\"input-range__track input-range__track--active\\"
              >
              </div>
              <span class=\\"input-range__slider-container\\"
                    style=\\"position: absolute; left: 33.33333333333333%;\\"
              >
                <span class=\\"input-range__label input-range__label--value\\">
                  <span class=\\"input-range__label-container\\">
                    33%
                  </span>
                </span>
                <div aria-valuemax=\\"99\\"
                     aria-valuemin=\\"0\\"
                     aria-valuenow=\\"33\\"
                     class=\\"input-range__slider\\"
                     draggable=\\"false\\"
                     role=\\"slider\\"
                     tabindex=\\"0\\"
                >
                </div>
              </span>
            </div>
            <span class=\\"input-range__label input-range__label--max\\">
              <span class=\\"input-range__label-container\\">
                99%
              </span>
            </span>
          </div>
        </div>
        <div class=\\"form-check form-check-inline\\">
          <span class=\\"custom-control custom-switch\\">
            <input id=\\"topLabelsConfigShow\\"
                   class=\\"custom-control-input\\"
                   type=\\"checkbox\\"
                   value
                   checked
            >
            <label class=\\"custom-control-label cursor-pointer mr-3\\"
                   for=\\"topLabelsConfigShow\\"
            >
              Show top labels
            </label>
          </span>
        </div>
      </div>
    </form>
  </div>
  <div class=\\"modal-footer\\">
    <span class=\\"text-muted\\">
      Version: unknown
    </span>
  </div>
</span>
"
`;
